============================= test session starts =============================
platform win32 -- Python 3.13.5, pytest-9.0.2, pluggy-1.6.0
rootdir: C:\Users\user\Desktop\­Ü®w
configfile: pytest.ini
plugins: anyio-4.12.0, hypothesis-6.151.5, asyncio-1.3.0, cov-7.0.0
asyncio: mode=Mode.AUTO, debug=False, asyncio_default_fixture_loop_scope=None, asyncio_default_test_loop_scope=function
collected 1013 items

tests\red_team\test_api_input_hardening.py ........                      [  0%]
tests\red_team\test_api_red_team_baseline.py ...                         [  1%]
tests\red_team\test_api_type_confusion.py ............                   [  2%]
tests\red_team\test_escape_valve_seed_abuse.py ..                        [  2%]
tests\red_team\test_rdd_fuzzing.py .........                             [  3%]
tests\red_team\test_rdd_injection.py .......                             [  4%]
tests\red_team\test_rdd_tonesoul.py ......                               [  4%]
tests\red_team\test_vtp_context_abuse.py ..                              [  4%]
tests\test_adaptive_gate.py .......................                      [  7%]
tests\test_adaptive_gate_qa_audit.py ....                                [  7%]
tests\test_adversarial.py ....                                           [  7%]
tests\test_agent_discussion.py ............                              [  9%]
tests\test_agent_discussion_tool.py ...                                  [  9%]
tests\test_ai_sleep.py .........                                         [ 10%]
tests\test_api_chat_council_mode.py .................                    [ 11%]
tests\test_api_phase_a_security.py ......                                [ 12%]
tests\test_api_phase_b_pipeline.py ....                                  [ 12%]
tests\test_api_server_bind.py .....                                      [ 13%]
tests\test_api_server_contract.py ..............                         [ 14%]
tests\test_api_server_supabase_persistence.py ......                     [ 15%]
tests\test_axiomatic_council.py .                                        [ 15%]
tests\test_backend_auditor.py .                                          [ 15%]
tests\test_coherence.py ....                                             [ 15%]
tests\test_commitment_extractor_import.py .                              [ 16%]
tests\test_compute_gate.py ....                                          [ 16%]
tests\test_context_distiller.py .......                                  [ 17%]
tests\test_contract_observer_properties.py ...............               [ 18%]
tests\test_corpus_builder.py ....                                        [ 19%]
tests\test_council_cli.py ...                                            [ 19%]
tests\test_council_divergence_quality.py ..                              [ 19%]
tests\test_council_evolution.py .....                                    [ 20%]
tests\test_council_runtime.py .............                              [ 21%]
tests\test_cross_session_recovery.py ...                                 [ 21%]
tests\test_custom_role_council.py ...................                    [ 23%]
tests\test_decay_cleanup.py ..                                           [ 23%]
tests\test_dual_stream.py .                                              [ 23%]
tests\test_early_contradiction_check.py ..                               [ 23%]
tests\test_escape_valve.py ...........                                   [ 25%]
tests\test_escape_valve_runtime.py ....                                  [ 25%]
tests\test_evidence_slots.py ...................                         [ 27%]
tests\test_gateway_integration.py ...                                    [ 27%]
tests\test_gemini_client_env.py ..                                       [ 27%]
tests\test_genesis_integration.py .......                                [ 28%]
tests\test_governed_poster_memory.py .                                   [ 28%]
tests\test_graph_rag_retrieval.py .......                                [ 29%]
tests\test_guardian.py ....                                              [ 29%]
tests\test_handoff_builder_security.py ..                                [ 29%]
tests\test_heartbeat.py ...                                              [ 30%]
tests\test_intent_orchestrator.py .                                      [ 30%]
tests\test_layered_memory.py ....                                        [ 30%]
tests\test_local_llm.py ...                                              [ 30%]
tests\test_loop_engine.py ..............                                 [ 32%]
tests\test_memory_adversarial.py ....                                    [ 32%]
tests\test_memory_consolidator.py .....                                  [ 33%]
tests\test_memory_decay.py .....                                         [ 33%]
tests\test_metrics.py ....                                               [ 34%]
tests\test_model_registry.py .......                                     [ 34%]
tests\test_multi_agent_contract.py ...                                   [ 35%]
tests\test_openclaw_auditor.py ....                                      [ 35%]
tests\test_openclaw_runtime.py .......                                   [ 36%]
tests\test_openclaw_skills.py ....                                       [ 36%]
tests\test_orchestrator_integration.py .......                           [ 37%]
tests\test_paradox_council.py .......................................... [ 41%]
....................................................                     [ 46%]
tests\test_perspective_factory.py ..........                             [ 47%]
tests\test_pipeline_compute_gate.py ...                                  [ 47%]
tests\test_poav.py ........                                              [ 48%]
tests\test_pre_output_council.py .............                           [ 49%]
tests\test_pre_output_council_integration.py .....                       [ 50%]
tests\test_property_simple.py ........                                   [ 51%]
tests\test_provenance_chain.py ..                                        [ 51%]
tests\test_qa_auditor_d3_d4.py .........                                 [ 52%]
tests\test_retrospective_reflection.py .......                           [ 53%]
tests\test_role_council_integration.py .                                 [ 53%]
tests\test_run_7d_isolated.py ....                                       [ 53%]
tests\test_run_external_source_registry_check.py ...                     [ 53%]
tests\test_run_memory_quality_report.py ...                              [ 54%]
tests\test_run_monthly_consolidation.py .....                            [ 54%]
tests\test_run_multi_agent_divergence_report.py ....                     [ 54%]
tests\test_run_persona_swarm_dispatch.py ....                            [ 55%]
tests\test_run_persona_swarm_framework.py ..........                     [ 56%]
tests\test_run_repo_healthcheck.py ...............                       [ 57%]
tests\test_run_repo_healthcheck_dispatch.py ....                         [ 58%]
tests\test_self_commit.py .........                                      [ 59%]
tests\test_self_journal.py ..                                            [ 59%]
tests\test_semantic_analyst.py ....                                      [ 59%]
tests\test_semantic_trigger.py ....                                      [ 60%]
tests\test_server_new_routes.py ......                                   [ 60%]
tests\test_server_persistence.py .............                           [ 61%]
tests\test_session_reporter.py .........                                 [ 62%]
tests\test_skill_parser.py ..                                            [ 63%]
tests\test_soul_db_decay_query.py .....                                  [ 63%]
tests\test_soul_db_migration.py .                                        [ 63%]
tests\test_soul_db_progressive_disclosure.py ......                      [ 64%]
tests\test_supabase_persistence.py ..............                        [ 65%]
tests\test_supabase_read.py ....                                         [ 66%]
tests\test_swarm_framework.py ............                               [ 67%]
tests\test_tension_engine.py ........................................... [ 71%]
                                                                         [ 71%]
tests\test_time_island.py ....................................           [ 75%]
tests\test_tool_permissions.py ..                                        [ 75%]
tests\test_transcript.py ...                                             [ 75%]
tests\test_tsr_metrics_comprehensive.py .........................        [ 77%]
tests\test_unified_core.py .............                                 [ 79%]
tests\test_unified_core_properties.py .........                          [ 80%]
tests\test_unified_pipeline_dispatch.py .                                [ 80%]
tests\test_unified_pipeline_visual_gates.py ...                          [ 80%]
tests\test_verdict.py .....                                              [ 81%]
tests\test_verify_7d.py .........                                        [ 81%]
tests\test_verify_citation_integrity.py .....                            [ 82%]
tests\test_verify_commit_attribution.py ....                             [ 82%]
tests\test_verify_docs_consistency.py ...............                    [ 84%]
tests\test_verify_dual_track_boundary.py ..............                  [ 85%]
tests\test_verify_external_source_registry.py .....                      [ 86%]
tests\test_verify_git_hygiene.py .....                                   [ 86%]
tests\test_verify_layer_boundaries.py ...                                [ 86%]
tests\test_verify_memory_hygiene.py ......                               [ 87%]
tests\test_verify_openclaw_probe.py .                                    [ 87%]
tests\test_verify_skill_registry.py .........                            [ 88%]
tests\test_verify_vercel_preflight.py .........                          [ 89%]
tests\test_verify_web_api.py ..........                                  [ 90%]
tests\test_visual_chain.py ....................                          [ 92%]
tests\test_visual_chain_prompt_injection.py ......                       [ 92%]
tests\test_vow_input_validation.py .........                             [ 93%]
tests\test_vow_system.py .........................                       [ 96%]
tests\test_vow_system_properties.py ..........                           [ 97%]
tests\test_vtp.py ....                                                   [ 97%]
tests\test_vtp_runtime.py ...                                            [ 98%]
tests\test_workflow_contracts.py ................                        [ 99%]
tests\test_yss_unified_adapter.py ....                                   [100%]

============================== warnings summary ===============================
.venv\Lib\site-packages\_hypothesis_pytestplugin.py:481
  C:\Users\user\Desktop\­Ü®w\.venv\Lib\site-packages\_hypothesis_pytestplugin.py:481: UserWarning: Skipping collection of '.hypothesis' directory - this usually means you've explicitly set the `norecursedirs` pytest config option, replacing rather than extending the default ignores.
    warnings.warn(

tests/test_unified_core.py::TestUnifiedCoreImport::test_default_init
  C:\Users\user\Desktop\­Ü®w\tests\test_unified_core.py:19: DeprecationWarning: UnifiedCore is in maintenance mode; use tonesoul.unified_pipeline.UnifiedPipeline for production chat runtime.
    core = UnifiedCore()

-- Docs: https://docs.pytest.org/en/stable/how-to/capture-warnings.html
================ 1013 passed, 2 warnings in 132.90s (0:02:12) =================
